[OK] 2 Spark worker(s) ALIVE
================================================================
  Distributed ML run
  Driver:  bvdung@192.168.1.50
  Master:  spark://192.168.1.25:7077
  Script:  ml_11_cross_dataset_eval.py
================================================================
[INFO] Ensuring ML deps on executor host: bvdung@192.168.1.50
[OK] ML deps already installed on ubuntu
[OK] pyarrow + xgboost on /home/bvdung/Thesis_IDS/jetson/venv/bin/python
[INFO] Ensuring ML deps on executor host: bvdung@192.168.1.204
[OK] ML deps already installed on ubuntu
[OK] pyarrow + xgboost on /home/bvdung/Thesis_IDS/jetson/venv/bin/python
[OK] Core ML deps ready on driver
[INFO] JAVA_HOME=/usr/lib/jvm/java-17-openjdk-arm64
[INFO] XGBoost backend available
[INFO] Spark cluster mode | master=spark://192.168.1.25:7077
[INFO] Spark 3.4.1 | UI: http://192.168.1.50:4040
============================================================
  LOADING DATA FROM PARQUET
============================================================
  Test set:     447,275 samples
  [INFO] Port features excluded to avoid label leakage (set IDS_KEEP_PORT_FEATURES=1 for ablation).
  Numeric features: 77
============================================================
============================================================
  LOADING DATA FROM PARQUET
============================================================
  Test set:     477,771 samples
  [INFO] Port features excluded to avoid label leakage (set IDS_KEEP_PORT_FEATURES=1 for ablation).
  Numeric features: 76
============================================================
======================================================================
  EXPERIMENT 11: CROSS-DATASET GENERALIZATION
======================================================================
  A = CICIDS2017 (/home/bvdung/Thesis_IDS/data): 77 features
  B = CSE-CIC-IDS2018 (/home/bvdung/Thesis_IDS/data_2018): 76 features
  Common leak-free features: 75
  Only in A (2): fwd_header_length34, fwd_header_length55
  Only in B (1): fwd_header_length
  [INFO] Common feature list saved -> results/ml_11_cross_dataset/common_features.txt
java.io.IOException: Broken pipe
	at java.base/sun.nio.ch.FileDispatcherImpl.write0(Native Method)
	at java.base/sun.nio.ch.SocketDispatcher.write(SocketDispatcher.java:62)
	at java.base/sun.nio.ch.IOUtil.writeFromNativeBuffer(IOUtil.java:132)
	at java.base/sun.nio.ch.IOUtil.write(IOUtil.java:76)
	at java.base/sun.nio.ch.IOUtil.write(IOUtil.java:53)
	at java.base/sun.nio.ch.SocketChannelImpl.write(SocketChannelImpl.java:532)
	at org.apache.spark.network.protocol.MessageWithHeader.copyByteBuf(MessageWithHeader.java:148)
	at org.apache.spark.network.protocol.MessageWithHeader.transferTo(MessageWithHeader.java:111)
	at io.netty.channel.socket.nio.NioSocketChannel.doWriteFileRegion(NioSocketChannel.java:369)
	at io.netty.channel.nio.AbstractNioByteChannel.doWriteInternal(AbstractNioByteChannel.java:238)
	at io.netty.channel.nio.AbstractNioByteChannel.doWrite0(AbstractNioByteChannel.java:212)
	at io.netty.channel.socket.nio.NioSocketChannel.doWrite(NioSocketChannel.java:407)
	at io.netty.channel.AbstractChannel$AbstractUnsafe.flush0(AbstractChannel.java:931)
	at io.netty.channel.nio.AbstractNioChannel$AbstractNioUnsafe.flush0(AbstractNioChannel.java:354)
	at io.netty.channel.AbstractChannel$AbstractUnsafe.flush(AbstractChannel.java:895)
	at io.netty.channel.DefaultChannelPipeline$HeadContext.flush(DefaultChannelPipeline.java:1372)
	at io.netty.channel.AbstractChannelHandlerContext.invokeFlush0(AbstractChannelHandlerContext.java:921)
	at io.netty.channel.AbstractChannelHandlerContext.invokeFlush(AbstractChannelHandlerContext.java:907)
	at io.netty.channel.AbstractChannelHandlerContext.flush(AbstractChannelHandlerContext.java:893)
	at io.netty.channel.ChannelDuplexHandler.flush(ChannelDuplexHandler.java:127)
	at io.netty.channel.AbstractChannelHandlerContext.invokeFlush0(AbstractChannelHandlerContext.java:923)
	at io.netty.channel.AbstractChannelHandlerContext.invokeWriteAndFlush(AbstractChannelHandlerContext.java:941)
	at io.netty.channel.AbstractChannelHandlerContext$WriteTask.run(AbstractChannelHandlerContext.java:1247)
	at io.netty.util.concurrent.AbstractEventExecutor.runTask(AbstractEventExecutor.java:174)
	at io.netty.util.concurrent.AbstractEventExecutor.safeExecute(AbstractEventExecutor.java:167)
	at io.netty.util.concurrent.SingleThreadEventExecutor.runAllTasks(SingleThreadEventExecutor.java:470)
	at io.netty.channel.nio.NioEventLoop.run(NioEventLoop.java:566)
	at io.netty.util.concurrent.SingleThreadEventExecutor$4.run(SingleThreadEventExecutor.java:997)
	at io.netty.util.internal.ThreadExecutorMap$2.run(ThreadExecutorMap.java:74)
	at io.netty.util.concurrent.FastThreadLocalRunnable.run(FastThreadLocalRunnable.java:30)
	at java.base/java.lang.Thread.run(Thread.java:840)
26/09/26 17:47:41 ERROR TransportRequestHandler: Error sending result RpcResponse[requestId=8202926989866346997,body=NioManagedBuffer[buf=java.nio.HeapByteBuffer[pos=0 lim=81 cap=156]]] to /192.168.1.204:43050; closing connection
io.netty.channel.StacklessClosedChannelException
	at io.netty.channel.AbstractChannel$AbstractUnsafe.write(Object, ChannelPromise)(Unknown Source)
Caused by: java.io.IOException: Broken pipe
	at java.base/sun.nio.ch.FileDispatcherImpl.write0(Native Method)
	at java.base/sun.nio.ch.SocketDispatcher.write(SocketDispatcher.java:62)
	at java.base/sun.nio.ch.IOUtil.writeFromNativeBuffer(IOUtil.java:132)
	at java.base/sun.nio.ch.IOUtil.write(IOUtil.java:76)
	at java.base/sun.nio.ch.IOUtil.write(IOUtil.java:53)
	at java.base/sun.nio.ch.SocketChannelImpl.write(SocketChannelImpl.java:532)
	at org.apache.spark.network.protocol.MessageWithHeader.copyByteBuf(MessageWithHeader.java:148)
	at org.apache.spark.network.protocol.MessageWithHeader.transferTo(MessageWithHeader.java:111)
	at io.netty.channel.socket.nio.NioSocketChannel.doWriteFileRegion(NioSocketChannel.java:369)
	at io.netty.channel.nio.AbstractNioByteChannel.doWriteInternal(AbstractNioByteChannel.java:238)
	at io.netty.channel.nio.AbstractNioByteChannel.doWrite0(AbstractNioByteChannel.java:212)
	at io.netty.channel.socket.nio.NioSocketChannel.doWrite(NioSocketChannel.java:407)
	at io.netty.channel.AbstractChannel$AbstractUnsafe.flush0(AbstractChannel.java:931)
	at io.netty.channel.nio.AbstractNioChannel$AbstractNioUnsafe.flush0(AbstractNioChannel.java:354)
	at io.netty.channel.AbstractChannel$AbstractUnsafe.flush(AbstractChannel.java:895)
	at io.netty.channel.DefaultChannelPipeline$HeadContext.flush(DefaultChannelPipeline.java:1372)
	at io.netty.channel.AbstractChannelHandlerContext.invokeFlush0(AbstractChannelHandlerContext.java:921)
	at io.netty.channel.AbstractChannelHandlerContext.invokeFlush(AbstractChannelHandlerContext.java:907)
	at io.netty.channel.AbstractChannelHandlerContext.flush(AbstractChannelHandlerContext.java:893)
	at io.netty.channel.ChannelDuplexHandler.flush(ChannelDuplexHandler.java:127)
	at io.netty.channel.AbstractChannelHandlerContext.invokeFlush0(AbstractChannelHandlerContext.java:923)
	at io.netty.channel.AbstractChannelHandlerContext.invokeWriteAndFlush(AbstractChannelHandlerContext.java:941)
	at io.netty.channel.AbstractChannelHandlerContext$WriteTask.run(AbstractChannelHandlerContext.java:1247)
	at io.netty.util.concurrent.AbstractEventExecutor.runTask(AbstractEventExecutor.java:174)
	at io.netty.util.concurrent.AbstractEventExecutor.safeExecute(AbstractEventExecutor.java:167)
	at io.netty.util.concurrent.SingleThreadEventExecutor.runAllTasks(SingleThreadEventExecutor.java:470)
	at io.netty.channel.nio.NioEventLoop.run(NioEventLoop.java:566)
	at io.netty.util.concurrent.SingleThreadEventExecutor$4.run(SingleThreadEventExecutor.java:997)
	at io.netty.util.internal.ThreadExecutorMap$2.run(ThreadExecutorMap.java:74)
	at io.netty.util.concurrent.FastThreadLocalRunnable.run(FastThreadLocalRunnable.java:30)
	at java.base/java.lang.Thread.run(Thread.java:840)
26/09/26 17:47:41 ERROR TransportRequestHandler: Error sending result RpcResponse[requestId=8751047358582739246,body=NioManagedBuffer[buf=java.nio.HeapByteBuffer[pos=0 lim=81 cap=156]]] to /192.168.1.204:43050; closing connection
io.netty.channel.StacklessClosedChannelException
	at io.netty.channel.AbstractChannel$AbstractUnsafe.write(Object, ChannelPromise)(Unknown Source)
Caused by: java.io.IOException: Broken pipe
	at java.base/sun.nio.ch.FileDispatcherImpl.write0(Native Method)
	at java.base/sun.nio.ch.SocketDispatcher.write(SocketDispatcher.java:62)
	at java.base/sun.nio.ch.IOUtil.writeFromNativeBuffer(IOUtil.java:132)
	at java.base/sun.nio.ch.IOUtil.write(IOUtil.java:76)
	at java.base/sun.nio.ch.IOUtil.write(IOUtil.java:53)
	at java.base/sun.nio.ch.SocketChannelImpl.write(SocketChannelImpl.java:532)
	at org.apache.spark.network.protocol.MessageWithHeader.copyByteBuf(MessageWithHeader.java:148)
	at org.apache.spark.network.protocol.MessageWithHeader.transferTo(MessageWithHeader.java:111)
	at io.netty.channel.socket.nio.NioSocketChannel.doWriteFileRegion(NioSocketChannel.java:369)
	at io.netty.channel.nio.AbstractNioByteChannel.doWriteInternal(AbstractNioByteChannel.java:238)
	at io.netty.channel.nio.AbstractNioByteChannel.doWrite0(AbstractNioByteChannel.java:212)
	at io.netty.channel.socket.nio.NioSocketChannel.doWrite(NioSocketChannel.java:407)
	at io.netty.channel.AbstractChannel$AbstractUnsafe.flush0(AbstractChannel.java:931)
	at io.netty.channel.nio.AbstractNioChannel$AbstractNioUnsafe.flush0(AbstractNioChannel.java:354)
	at io.netty.channel.AbstractChannel$AbstractUnsafe.flush(AbstractChannel.java:895)
	at io.netty.channel.DefaultChannelPipeline$HeadContext.flush(DefaultChannelPipeline.java:1372)
	at io.netty.channel.AbstractChannelHandlerContext.invokeFlush0(AbstractChannelHandlerContext.java:921)
	at io.netty.channel.AbstractChannelHandlerContext.invokeFlush(AbstractChannelHandlerContext.java:907)
	at io.netty.channel.AbstractChannelHandlerContext.flush(AbstractChannelHandlerContext.java:893)
	at io.netty.channel.ChannelDuplexHandler.flush(ChannelDuplexHandler.java:127)
	at io.netty.channel.AbstractChannelHandlerContext.invokeFlush0(AbstractChannelHandlerContext.java:923)
	at io.netty.channel.AbstractChannelHandlerContext.invokeWriteAndFlush(AbstractChannelHandlerContext.java:941)
	at io.netty.channel.AbstractChannelHandlerContext$WriteTask.run(AbstractChannelHandlerContext.java:1247)
	at io.netty.util.concurrent.AbstractEventExecutor.runTask(AbstractEventExecutor.java:174)
	at io.netty.util.concurrent.AbstractEventExecutor.safeExecute(AbstractEventExecutor.java:167)
	at io.netty.util.concurrent.SingleThreadEventExecutor.runAllTasks(SingleThreadEventExecutor.java:470)
	at io.netty.channel.nio.NioEventLoop.run(NioEventLoop.java:566)
	at io.netty.util.concurrent.SingleThreadEventExecutor$4.run(SingleThreadEventExecutor.java:997)
	at io.netty.util.internal.ThreadExecutorMap$2.run(ThreadExecutorMap.java:74)
	at io.netty.util.concurrent.FastThreadLocalRunnable.run(FastThreadLocalRunnable.java:30)
	at java.base/java.lang.Thread.run(Thread.java:840)
26/09/26 17:47:41 ERROR TransportRequestHandler: Error sending result RpcResponse[requestId=7145984793738265497,body=NioManagedBuffer[buf=java.nio.HeapByteBuffer[pos=0 lim=47 cap=64]]] to /192.168.1.204:43050; closing connection
io.netty.channel.StacklessClosedChannelException
	at io.netty.channel.AbstractChannel$AbstractUnsafe.write(Object, ChannelPromise)(Unknown Source)
Caused by: java.io.IOException: Broken pipe
	at java.base/sun.nio.ch.FileDispatcherImpl.write0(Native Method)
	at java.base/sun.nio.ch.SocketDispatcher.write(SocketDispatcher.java:62)
	at java.base/sun.nio.ch.IOUtil.writeFromNativeBuffer(IOUtil.java:132)
	at java.base/sun.nio.ch.IOUtil.write(IOUtil.java:76)
	at java.base/sun.nio.ch.IOUtil.write(IOUtil.java:53)
	at java.base/sun.nio.ch.SocketChannelImpl.write(SocketChannelImpl.java:532)
	at org.apache.spark.network.protocol.MessageWithHeader.copyByteBuf(MessageWithHeader.java:148)
	at org.apache.spark.network.protocol.MessageWithHeader.transferTo(MessageWithHeader.java:111)
	at io.netty.channel.socket.nio.NioSocketChannel.doWriteFileRegion(NioSocketChannel.java:369)
	at io.netty.channel.nio.AbstractNioByteChannel.doWriteInternal(AbstractNioByteChannel.java:238)
	at io.netty.channel.nio.AbstractNioByteChannel.doWrite0(AbstractNioByteChannel.java:212)
	at io.netty.channel.socket.nio.NioSocketChannel.doWrite(NioSocketChannel.java:407)
	at io.netty.channel.AbstractChannel$AbstractUnsafe.flush0(AbstractChannel.java:931)
	at io.netty.channel.nio.AbstractNioChannel$AbstractNioUnsafe.flush0(AbstractNioChannel.java:354)
	at io.netty.channel.AbstractChannel$AbstractUnsafe.flush(AbstractChannel.java:895)
	at io.netty.channel.DefaultChannelPipeline$HeadContext.flush(DefaultChannelPipeline.java:1372)
	at io.netty.channel.AbstractChannelHandlerContext.invokeFlush0(AbstractChannelHandlerContext.java:921)
	at io.netty.channel.AbstractChannelHandlerContext.invokeFlush(AbstractChannelHandlerContext.java:907)
	at io.netty.channel.AbstractChannelHandlerContext.flush(AbstractChannelHandlerContext.java:893)
	at io.netty.channel.ChannelDuplexHandler.flush(ChannelDuplexHandler.java:127)
	at io.netty.channel.AbstractChannelHandlerContext.invokeFlush0(AbstractChannelHandlerContext.java:923)
	at io.netty.channel.AbstractChannelHandlerContext.invokeWriteAndFlush(AbstractChannelHandlerContext.java:941)
	at io.netty.channel.AbstractChannelHandlerContext$WriteTask.run(AbstractChannelHandlerContext.java:1247)
	at io.netty.util.concurrent.AbstractEventExecutor.runTask(AbstractEventExecutor.java:174)
	at io.netty.util.concurrent.AbstractEventExecutor.safeExecute(AbstractEventExecutor.java:167)
	at io.netty.util.concurrent.SingleThreadEventExecutor.runAllTasks(SingleThreadEventExecutor.java:470)
	at io.netty.channel.nio.NioEventLoop.run(NioEventLoop.java:566)
	at io.netty.util.concurrent.SingleThreadEventExecutor$4.run(SingleThreadEventExecutor.java:997)
	at io.netty.util.internal.ThreadExecutorMap$2.run(ThreadExecutorMap.java:74)
	at io.netty.util.concurrent.FastThreadLocalRunnable.run(FastThreadLocalRunnable.java:30)
	at java.base/java.lang.Thread.run(Thread.java:840)
[INFO] Saved: results/ml_11_cross_dataset/cross_dataset_results.csv
          train            test      kind  seed       f1  precision   recall   auc_pr
     CICIDS2017      CICIDS2017 in-domain    23 0.995157   0.994292 0.996024 0.999720
     CICIDS2017 CSE-CIC-IDS2018     cross    23 0.041580   0.589133 0.021550 0.470070
CSE-CIC-IDS2018 CSE-CIC-IDS2018 in-domain    23 0.924467   0.911480 0.937830 0.967450
CSE-CIC-IDS2018      CICIDS2017     cross    23 0.055800   0.292762 0.030839 0.280079
[OK] Saved: results/ml_11_cross_dataset/cross_dataset_f1.png
[OK] Finished: ml_11_cross_dataset_eval.py
