================================================================
  Distributed ML run
  Driver:  bvdung@192.168.1.50
  Master:  spark://192.168.1.25:7077
  Script:  ml_11_cross_dataset_eval.py
================================================================
[INFO] Ensuring ML deps on executor host: bvdung@192.168.1.50
[OK] ML deps already installed on ubuntu
[OK] pyarrow + xgboost on /home/bvdung/Thesis_IDS/jetson/venv/bin/python
[INFO] Ensuring ML deps on executor host: bvdung@192.168.1.204
[OK] ML deps already installed on ubuntu
[OK] pyarrow + xgboost on /home/bvdung/Thesis_IDS/jetson/venv/bin/python
[OK] Core ML deps ready on driver
[INFO] JAVA_HOME=/usr/lib/jvm/java-17-openjdk-arm64
[INFO] XGBoost backend available
[INFO] Spark cluster mode | master=spark://192.168.1.25:7077
[INFO] Spark 3.4.1 | UI: http://192.168.1.50:4040
============================================================
  LOADING DATA FROM PARQUET
============================================================
  Test set:     447,275 samples
  [INFO] Port features excluded to avoid label leakage (set IDS_KEEP_PORT_FEATURES=1 for ablation).
  Numeric features: 77
============================================================
============================================================
  LOADING DATA FROM PARQUET
============================================================
  Test set:     477,771 samples
  [INFO] Port features excluded to avoid label leakage (set IDS_KEEP_PORT_FEATURES=1 for ablation).
  Numeric features: 76
============================================================
======================================================================
  EXPERIMENT 11: CROSS-DATASET GENERALIZATION
======================================================================
  A = CICIDS2017 (/home/bvdung/Thesis_IDS/data): 77 features
  B = CSE-CIC-IDS2018 (/home/bvdung/Thesis_IDS/data_2018): 76 features
  Common leak-free features: 75
  Only in A (2): fwd_header_length34, fwd_header_length55
  Only in B (1): fwd_header_length
  [INFO] Common feature list saved -> results/ml_11_cross_dataset/common_features.txt
  Unsupervised domain adaptation (classifier untouched, no target labels):
[INFO] Saved: results/ml_11_cross_dataset/cross_dataset_adaptation.csv
          train            test                       adaptation  f1  precision  recall   auc_pr  f1_no_adaptation  delta_f1
     CICIDS2017 CSE-CIC-IDS2018 scaler-refit (target statistics)   0        0.0     0.0 0.225608          0.300007 -0.300007
     CICIDS2017 CSE-CIC-IDS2018         CORAL (target -> source)   0        0.0     0.0 0.166507          0.300007 -0.300007
CSE-CIC-IDS2018      CICIDS2017 scaler-refit (target statistics)   0        0.0     0.0 0.095766          0.057958 -0.057958
CSE-CIC-IDS2018      CICIDS2017         CORAL (target -> source)   0        0.0     0.0 0.267101          0.057958 -0.057958
[INFO] Saved: results/ml_11_cross_dataset/cross_dataset_results.csv
          train            test      kind       f1  precision   recall   auc_pr
     CICIDS2017      CICIDS2017 in-domain 0.995535   0.995061 0.996009 0.999715
     CICIDS2017 CSE-CIC-IDS2018     cross 0.300007   0.978411 0.177165 0.516389
CSE-CIC-IDS2018 CSE-CIC-IDS2018 in-domain 0.924366   0.912278 0.936778 0.966720
CSE-CIC-IDS2018      CICIDS2017     cross 0.057958   0.260219 0.032611 0.194602
[OK] Saved: results/ml_11_cross_dataset/cross_dataset_f1.png
26/09/24 01:46:52 ERROR Inbox: Ignoring error
java.util.concurrent.RejectedExecutionException: Task java.util.concurrent.ScheduledThreadPoolExecutor$ScheduledFutureTask@70c597a3[Not completed, task = java.util.concurrent.Executors$RunnableAdapter@63486b3c[Wrapped task = org.apache.spark.scheduler.cluster.StandaloneSchedulerBackend$StandaloneDriverEndpoint$$anon$2@1f693777]] rejected from java.util.concurrent.ScheduledThreadPoolExecutor@2a75640b[Terminated, pool size = 0, active threads = 0, queued tasks = 0, completed tasks = 0]
	at java.base/java.util.concurrent.ThreadPoolExecutor$AbortPolicy.rejectedExecution(ThreadPoolExecutor.java:2065)
	at java.base/java.util.concurrent.ThreadPoolExecutor.reject(ThreadPoolExecutor.java:833)
	at java.base/java.util.concurrent.ScheduledThreadPoolExecutor.delayedExecute(ScheduledThreadPoolExecutor.java:340)
	at java.base/java.util.concurrent.ScheduledThreadPoolExecutor.schedule(ScheduledThreadPoolExecutor.java:562)
	at org.apache.spark.scheduler.cluster.StandaloneSchedulerBackend$StandaloneDriverEndpoint.$anonfun$onDisconnected$1(StandaloneSchedulerBackend.scala:346)
	at scala.Option.foreach(Option.scala:407)
	at org.apache.spark.scheduler.cluster.StandaloneSchedulerBackend$StandaloneDriverEndpoint.onDisconnected(StandaloneSchedulerBackend.scala:313)
	at org.apache.spark.rpc.netty.Inbox.$anonfun$process$1(Inbox.scala:141)
	at org.apache.spark.rpc.netty.Inbox.safelyCall(Inbox.scala:213)
	at org.apache.spark.rpc.netty.Inbox.process(Inbox.scala:100)
	at org.apache.spark.rpc.netty.MessageLoop.org$apache$spark$rpc$netty$MessageLoop$$receiveLoop(MessageLoop.scala:75)
	at org.apache.spark.rpc.netty.MessageLoop$$anon$1.run(MessageLoop.scala:41)
	at java.base/java.util.concurrent.ThreadPoolExecutor.runWorker(ThreadPoolExecutor.java:1136)
	at java.base/java.util.concurrent.ThreadPoolExecutor$Worker.run(ThreadPoolExecutor.java:635)
	at java.base/java.lang.Thread.run(Thread.java:840)
[OK] Finished: ml_11_cross_dataset_eval.py
