[OK] 2 Spark worker(s) ALIVE
================================================================
  Distributed ML run
  Driver:  bvdung@192.168.1.50
  Master:  spark://192.168.1.25:7077
  Script:  ml_11_cross_dataset_eval.py
================================================================
[INFO] Ensuring ML deps on executor host: bvdung@192.168.1.50
[OK] ML deps already installed on ubuntu
[OK] pyarrow + xgboost on /home/bvdung/Thesis_IDS/jetson/venv/bin/python
[INFO] Ensuring ML deps on executor host: bvdung@192.168.1.204
[OK] ML deps already installed on ubuntu
[OK] pyarrow + xgboost on /home/bvdung/Thesis_IDS/jetson/venv/bin/python
[OK] Core ML deps ready on driver
[INFO] JAVA_HOME=/usr/lib/jvm/java-17-openjdk-arm64
[INFO] XGBoost backend available
[INFO] Spark cluster mode | master=spark://192.168.1.25:7077
[INFO] Spark 3.4.1 | UI: http://192.168.1.50:4040
============================================================
  LOADING DATA FROM PARQUET
============================================================
  Test set:     447,275 samples
  [INFO] Port features excluded to avoid label leakage (set IDS_KEEP_PORT_FEATURES=1 for ablation).
  Numeric features: 77
============================================================
============================================================
  LOADING DATA FROM PARQUET
============================================================
  Test set:     477,771 samples
  [INFO] Port features excluded to avoid label leakage (set IDS_KEEP_PORT_FEATURES=1 for ablation).
  Numeric features: 76
============================================================
======================================================================
  EXPERIMENT 11: CROSS-DATASET GENERALIZATION
======================================================================
  A = CICIDS2017 (/home/bvdung/Thesis_IDS/data): 77 features
  B = CSE-CIC-IDS2018 (/home/bvdung/Thesis_IDS/data_2018): 76 features
  Common leak-free features: 75
  Only in A (2): fwd_header_length34, fwd_header_length55
  Only in B (1): fwd_header_length
  [INFO] Common feature list saved -> results/ml_11_cross_dataset/common_features.txt
  Unsupervised domain adaptation (classifier untouched, no target labels):
[INFO] Saved: results/ml_11_cross_dataset/cross_dataset_adaptation.csv
          train            test                       adaptation  f1  precision  recall   auc_pr  f1_no_adaptation  delta_f1
     CICIDS2017 CSE-CIC-IDS2018 scaler-refit (target statistics)   0        0.0     0.0 0.235168          0.222420 -0.222420
     CICIDS2017 CSE-CIC-IDS2018         CORAL (target -> source)   0        0.0     0.0 0.174559          0.222420 -0.222420
CSE-CIC-IDS2018      CICIDS2017 scaler-refit (target statistics)   0        0.0     0.0 0.092629          0.049693 -0.049693
CSE-CIC-IDS2018      CICIDS2017         CORAL (target -> source)   0        0.0     0.0 0.335755          0.049693 -0.049693
[INFO] Saved: results/ml_11_cross_dataset/cross_dataset_results.csv
          train            test      kind  seed       f1  precision   recall   auc_pr
     CICIDS2017      CICIDS2017 in-domain    13 0.995216   0.994587 0.995845 0.999709
     CICIDS2017 CSE-CIC-IDS2018     cross    13 0.222420   0.893575 0.127018 0.465498
CSE-CIC-IDS2018 CSE-CIC-IDS2018 in-domain    13 0.925051   0.913676 0.936713 0.968214
CSE-CIC-IDS2018      CICIDS2017     cross    13 0.049693   0.198007 0.028411 0.199259
[OK] Saved: results/ml_11_cross_dataset/cross_dataset_f1.png
[OK] Finished: ml_11_cross_dataset_eval.py
