
================================================================
  Sweep 1/4  —  seed=5  —  20260926-1523_run1_seed5
================================================================
[OK] 2 worker(s) ALIVE
[WARN] 20260926-1523_run1_seed5 failed; see /Users/thainguyenvu/Desktop/Thesis_IDS/output/xd_sweep/20260926-1523_run1_seed5.log

================================================================
  Sweep 2/4  —  seed=11  —  20260926-1523_run2_seed11
================================================================
[OK] 2 worker(s) ALIVE
[OK] 20260926-1523_run2_seed11 -> /Users/thainguyenvu/Desktop/Thesis_IDS/results/ml_11_cross_dataset/sweep/20260926-1523_run2_seed11.csv
CICIDS2017,CSE-CIC-IDS2018,cross,11
CSE-CIC-IDS2018,CICIDS2017,cross,11

================================================================
  Sweep 3/4  —  seed=23  —  20260926-1523_run3_seed23
================================================================
[OK] 2 worker(s) ALIVE
[OK] 20260926-1523_run3_seed23 -> /Users/thainguyenvu/Desktop/Thesis_IDS/results/ml_11_cross_dataset/sweep/20260926-1523_run3_seed23.csv
CICIDS2017,CSE-CIC-IDS2018,cross,23
CSE-CIC-IDS2018,CICIDS2017,cross,23

================================================================
  Sweep 4/4  —  seed=31  —  20260926-1523_run4_seed31
================================================================
[OK] 2 worker(s) ALIVE
[OK] 20260926-1523_run4_seed31 -> /Users/thainguyenvu/Desktop/Thesis_IDS/results/ml_11_cross_dataset/sweep/20260926-1523_run4_seed31.csv
CICIDS2017,CSE-CIC-IDS2018,cross,31
CSE-CIC-IDS2018,CICIDS2017,cross,31

================================================================
  Summary — all runs in /Users/thainguyenvu/Desktop/Thesis_IDS/results/ml_11_cross_dataset/sweep
================================================================

CICIDS2017 -> CSE-CIC-IDS2018   [cross]   n=8
   run                      f1  precision     recall     auc_pr
   20260926-1523_run1_seed5     0.0495     0.6326     0.0257     0.5162
   20260926-1523_run2_seed11     0.0843     0.7478     0.0447     0.4590
   20260926-1523_run3_seed23     0.0416     0.5891     0.0216     0.4701
   20260926-1523_run4_seed31     0.0303     0.7107     0.0155     0.4839
   run1_seed42          0.3009     0.9782     0.1778     0.5085
   run2_seed42          0.2936     0.9216     0.1746     0.5356
   run3_seed7           0.0449     0.6072     0.0233     0.4860
   run4_seed13          0.2224     0.8936     0.1270     0.4655
   mean                 0.1334     0.7601     0.0763     0.4906
   sd                   0.1183     0.1526     0.0713     0.0270
   95% CI +/-           0.1024     0.1320     0.0617     0.0234
   CV %                   88.7       20.1       93.5        5.5

CSE-CIC-IDS2018 -> CICIDS2017   [cross]   n=8
   run                      f1  precision     recall     auc_pr
   20260926-1523_run1_seed5     0.0541     0.2945     0.0298     0.2186
   20260926-1523_run2_seed11     0.0519     0.2815     0.0286     0.1898
   20260926-1523_run3_seed23     0.0558     0.2928     0.0308     0.2801
   20260926-1523_run4_seed31     0.0577     0.2842     0.0321     0.1826
   run1_seed42          0.0587     0.3002     0.0325     0.1770
   run2_seed42          0.0578     0.2808     0.0322     0.1888
   run3_seed7           0.0484     0.2147     0.0272     0.1799
   run4_seed13          0.0497     0.1980     0.0284     0.1993
   mean                 0.0543     0.2683     0.0302     0.2020
   sd                   0.0039     0.0391     0.0020     0.0342
   95% CI +/-           0.0034     0.0338     0.0017     0.0296
   CV %                    7.2       14.6        6.7       16.9

CICIDS2017 -> CICIDS2017   [in-domain]   n=8
   run                      f1  precision     recall     auc_pr
   20260926-1523_run1_seed5     0.9953     0.9946     0.9959     0.9997
   20260926-1523_run2_seed11     0.9951     0.9945     0.9958     0.9997
   20260926-1523_run3_seed23     0.9952     0.9943     0.9960     0.9997
   20260926-1523_run4_seed31     0.9951     0.9941     0.9960     0.9997
   run1_seed42          0.9954     0.9949     0.9960     0.9997
   run2_seed42          0.9955     0.9951     0.9960     0.9997
   run3_seed7           0.9952     0.9944     0.9961     0.9997
   run4_seed13          0.9952     0.9946     0.9958     0.9997
   mean                 0.9953     0.9946     0.9960     0.9997
   sd                   0.0002     0.0003     0.0001     0.0000
   95% CI +/-           0.0001     0.0003     0.0001     0.0000
   CV %                    0.0        0.0        0.0        0.0

CSE-CIC-IDS2018 -> CSE-CIC-IDS2018   [in-domain]   n=8
   run                      f1  precision     recall     auc_pr
   20260926-1523_run1_seed5     0.9250     0.9135     0.9368     0.9676
   20260926-1523_run2_seed11     0.9249     0.9126     0.9376     0.9678
   20260926-1523_run3_seed23     0.9245     0.9115     0.9378     0.9675
   20260926-1523_run4_seed31     0.9248     0.9133     0.9366     0.9679
   run1_seed42          0.9247     0.9130     0.9368     0.9679
   run2_seed42          0.9247     0.9131     0.9367     0.9670
   run3_seed7           0.9228     0.9093     0.9367     0.9667
   run4_seed13          0.9251     0.9137     0.9367     0.9682
   mean                 0.9246     0.9125     0.9369     0.9676
   sd                   0.0007     0.0015     0.0005     0.0005
   95% CI +/-           0.0006     0.0013     0.0004     0.0004
   CV %                    0.1        0.2        0.1        0.1

Repeated-seed spread: 0.007260 -> NOT deterministic (identical configuration, different results)

========================================================================
  LaTeX rows — thesis (comma decimals), F1 as mean +/- CI over n runs
========================================================================
CICIDS2017 & CSE-CIC-IDS2018 & khác bộ & 0{,}1334 $\pm$ 0{,}1024 & 0{,}4906 \\
CSE-CIC-IDS2018 & CICIDS2017 & khác bộ & 0{,}0543 $\pm$ 0{,}0034 & 0{,}2020 \\
CICIDS2017 & CICIDS2017 & cùng bộ & 0{,}9953 & 0{,}9997 \\
CSE-CIC-IDS2018 & CSE-CIC-IDS2018 & cùng bộ & 0{,}9246 & 0{,}9676 \\

========================================================================
  LaTeX rows — papers (point decimals)
========================================================================
    CICIDS2017 & CSE-CIC-IDS2018 & cross & 0.1334 $\pm$ 0.1024 & 0.4906 \\
    CSE-CIC-IDS2018 & CICIDS2017 & cross & 0.0543 $\pm$ 0.0034 & 0.2020 \\
    CICIDS2017 & CICIDS2017 & in-domain & 0.9953 & 0.9997 \\
    CSE-CIC-IDS2018 & CSE-CIC-IDS2018 & in-domain & 0.9246 & 0.9676 \\
